stm32l4xx_nucleo.c:162:10:BSP_GetVersion	4	static
stm32l4xx_nucleo.c:178:6:BSP_LED_Init	40	static
stm32l4xx_nucleo.c:201:6:BSP_LED_DeInit	40	static
stm32l4xx_nucleo.c:219:6:BSP_LED_On	16	static
stm32l4xx_nucleo.c:231:6:BSP_LED_Off	16	static
stm32l4xx_nucleo.c:243:6:BSP_LED_Toggle	16	static
stm32l4xx_nucleo.c:267:6:BSP_PB_Init	40	static
stm32l4xx_nucleo.c:306:6:BSP_PB_DeInit	40	static
stm32l4xx_nucleo.c:321:10:BSP_PB_GetState	16	static
stm32l4xx_nucleo.c:680:13:SPIx_MspInit	40	static
stm32l4xx_nucleo.c:715:13:SPIx_Init	8	static
stm32l4xx_nucleo.c:755:13:SPIx_WriteReadData	40	static
stm32l4xx_nucleo.c:773:13:SPIx_Write	32	static
stm32l4xx_nucleo.c:792:13:SPIx_Error	8	static
stm32l4xx_nucleo.c:811:6:SD_IO_Init	40	static
stm32l4xx_nucleo.c:855:6:SD_IO_CSState	16	static
stm32l4xx_nucleo.c:874:6:SD_IO_WriteReadData	24	static
stm32l4xx_nucleo.c:885:9:SD_IO_WriteByte	24	static
stm32l4xx_nucleo.c:899:6:LCD_IO_Init	40	static
stm32l4xx_nucleo.c:930:6:LCD_IO_WriteReg	16	static
stm32l4xx_nucleo.c:951:6:LCD_IO_WriteMultipleData	24	static
stm32l4xx_nucleo.c:1007:6:LCD_Delay	16	static
