st25r3911.c:85:6:st25r3911TxRxOn	8	static
st25r3911.c:90:6:st25r3911TxRxOff	8	static
st25r3911.c:96:6:st25r3911OscOn	8	static
st25r3911.c:119:6:st25r3911Initialize	16	static
st25r3911.c:154:6:st25r3911Deinitialize	8	static
st25r3911.c:164:12:st25r3911AdjustRegulators	24	static
st25r3911.c:199:6:st25r3911MeasureAmplitude	16	static
st25r3911.c:207:6:st25r3911MeasurePhase	16	static
st25r3911.c:215:6:st25r3911MeasureCapacitance	16	static
st25r3911.c:223:6:st25r3911CalibrateAntenna	16	static
st25r3911.c:231:6:st25r3911CalibrateModulationDepth	16	static
st25r3911.c:240:12:st25r3911CalibrateCapacitiveSensor	24	static
st25r3911.c:267:12:st25r3911SetBitrate	24	static
st25r3911.c:301:9:st25r3911MeasurePowerSupply	24	static
st25r3911.c:314:10:st25r3911MeasureVoltage	24	static
st25r3911.c:328:9:st25r3911GetNumFIFOLastBits	16	static
st25r3911.c:337:10:st25r3911GetNoResponseTime_64fcs	4	static
st25r3911.c:342:6:st25r3911StartGPTimer_8fcs	16	static
st25r3911.c:357:6:st25r3911SetGPTime_8fcs	16	static
st25r3911.c:365:6:st25r3911CheckReg	24	static
st25r3911.c:376:6:st25r3911CheckChipID	24	static
st25r3911.c:397:12:st25r3911SetNoResponseTime_64fcs	24	static
st25r3911.c:423:12:st25r3911SetStartNoResponseTime_64fcs	24	static
st25r3911.c:436:12:st25r3911PerformCollisionAvoidance	32	static
st25r3911.c:497:12:st25r3911GetRegsDump	88	static
st25r3911.c:522:6:st25r3911SetNumTxBits	16	static
st25r3911.c:529:6:st25r3911IsCmdValid	16	static
st25r3911.c:541:12:st25r3911StreamConfigure	24	static
st25r3911.c:589:12:st25r3911GetRSSI	96	static
st25r3911.c:639:19:st25r3911ExecuteCommandAndGetResult	16	static
