rfal_nfcDep.c:472:13:nfcipDxIsSupported	24	static
rfal_nfcDep.c:495:19:nfcipTxRx	40	static
rfal_nfcDep.c:534:19:nfcipDEPControlMsg	56	static
rfal_nfcDep.c:559:13:nfcipClearCounters	4	static
rfal_nfcDep.c:569:19:nfcipInitiatorHandleDEP	32	static
rfal_nfcDep.c:943:19:nfcipTargetHandleRX	56	static
rfal_nfcDep.c:1349:19:nfcipTx	40	static
rfal_nfcDep.c:1519:13:nfcipConfig	16	static
rfal_nfcDep.c:1537:19:nfcipRun	40	static
rfal_nfcDep.c:1677:6:rfalNfcDepSetDeactivatingCallback	16	static
rfal_nfcDep.c:1684:6:rfalNfcDepInitialize	8	static
rfal_nfcDep.c:1720:13:nfcipSetDEPParams	16	static
rfal_nfcDep.c:1775:6:rfalNfcDepTargetRcvdATR	4	static
rfal_nfcDep.c:1782:6:rfalNfcDepIsAtrReq	32	static
rfal_nfcDep.c:1814:19:nfcipTargetHandleActivation	40	static
rfal_nfcDep.c:1936:12:rfalNfcDepATR	264	static
rfal_nfcDep.c:2020:12:rfalNfcDepPSL	56	static
rfal_nfcDep.c:2070:12:rfalNfcDepDSL	48	static
rfal_nfcDep.c:2117:12:rfalNfcDepRLS	48	static
rfal_nfcDep.c:2164:12:rfalNfcDepInitiatorHandleActivation	32	static
rfal_nfcDep.c:2307:10:rfalNfcDepCalculateRWT	24	static
rfal_nfcDep.c:2319:19:nfcipDataTx	48	static
rfal_nfcDep.c:2326:19:nfcipDataRx	24	static
rfal_nfcDep.c:2363:12:rfalNfcDepListenStartActivation	120	static
rfal_nfcDep.c:2454:12:rfalNfcDepListenGetActivationStatus	32	static
rfal_nfcDep.c:2499:12:rfalNfcDepStartTransceive	48	static
rfal_nfcDep.c:2525:12:rfalNfcDepGetTransceiveStatus	8	static
