rfal_st25xv.c:102:19:rfalST25xVPollerGenericReadConfiguration	88	static
rfal_st25xv.c:132:19:rfalST25xVPollerGenericWriteConfiguration	88	static
rfal_st25xv.c:149:19:rfalST25xVPollerGenericReadMessageLength	96	static
rfal_st25xv.c:176:19:rfalST25xVPollerGenericReadMessage	48	static
rfal_st25xv.c:191:19:rfalST25xVPollerGenericWriteMessage	88	static
rfal_st25xv.c:277:12:rfalST25xVPollerM24LRReadSingleBlock	56	static
rfal_st25xv.c:292:12:rfalST25xVPollerM24LRWriteSingleBlock	128	static
rfal_st25xv.c:317:12:rfalST25xVPollerM24LRReadMultipleBlocks	48	static
rfal_st25xv.c:333:12:rfalST25xVPollerFastReadSingleBlock	56	static
rfal_st25xv.c:343:12:rfalST25xVPollerM24LRFastReadSingleBlock	56	static
rfal_st25xv.c:358:12:rfalST25xVPollerM24LRFastReadMultipleBlocks	48	static
rfal_st25xv.c:374:12:rfalST25xVPollerFastReadMultipleBlocks	48	static
rfal_st25xv.c:389:12:rfalST25xVPollerFastExtendedReadSingleBlock	56	static
rfal_st25xv.c:404:12:rfalST25xVPollerFastExtReadMultipleBlocks	56	static
rfal_st25xv.c:421:12:rfalST25xVPollerReadConfiguration	32	static
rfal_st25xv.c:427:12:rfalST25xVPollerWriteConfiguration	24	static
rfal_st25xv.c:433:12:rfalST25xVPollerReadDynamicConfiguration	32	static
rfal_st25xv.c:439:12:rfalST25xVPollerWriteDynamicConfiguration	24	static
rfal_st25xv.c:445:12:rfalST25xVPollerFastReadDynamicConfiguration	32	static
rfal_st25xv.c:451:12:rfalST25xVPollerFastWriteDynamicConfiguration	24	static
rfal_st25xv.c:457:12:rfalST25xVPollerPresentPassword	104	static
rfal_st25xv.c:482:12:rfalST25xVPollerGetRandomNumber	48	static
rfal_st25xv.c:493:12:rfalST25xVPollerWriteMessage	40	static
rfal_st25xv.c:499:12:rfalST25xVPollerFastWriteMessage	40	static
rfal_st25xv.c:505:12:rfalST25xVPollerReadMessageLength	24	static
rfal_st25xv.c:511:12:rfalST25xVPollerFastReadMsgLength	24	static
rfal_st25xv.c:517:12:rfalST25xVPollerReadMessage	32	static
rfal_st25xv.c:523:12:rfalST25xVPollerFastReadMessage	32	static
