rfal_rfst25r3911.c:406:12:rfalInitialize	8	static
rfal_rfst25r3911.c:490:12:rfalCalibrate	16	static
rfal_rfst25r3911.c:540:12:rfalAdjustRegulators	16	static
rfal_rfst25r3911.c:551:6:rfalSetUpperLayerCallback	16	static
rfal_rfst25r3911.c:558:6:rfalSetPreTxRxCallback	16	static
rfal_rfst25r3911.c:565:6:rfalSetPostTxRxCallback	16	static
rfal_rfst25r3911.c:572:12:rfalDeinitialize	8	static
rfal_rfst25r3911.c:586:6:rfalSetObsvMode	16	static
rfal_rfst25r3911.c:594:6:rfalGetObsvMode	16	static
rfal_rfst25r3911.c:609:6:rfalDisableObsvMode	4	static
rfal_rfst25r3911.c:617:12:rfalSetMode	16	static
rfal_rfst25r3911.c:819:10:rfalGetMode	4	static
rfal_rfst25r3911.c:826:12:rfalSetBitRate	40	static
rfal_rfst25r3911.c:969:12:rfalGetBitRate	16	static
rfal_rfst25r3911.c:991:6:rfalSetErrorHandling	16	static
rfal_rfst25r3911.c:998:15:rfalGetErrorHandling	4	static
rfal_rfst25r3911.c:1005:6:rfalSetFDTPoll	16	static
rfal_rfst25r3911.c:1012:10:rfalGetFDTPoll	4	static
rfal_rfst25r3911.c:1019:6:rfalSetFDTListen	16	static
rfal_rfst25r3911.c:1025:10:rfalGetFDTListen	4	static
rfal_rfst25r3911.c:1030:6:rfalSetGT	16	static
rfal_rfst25r3911.c:1036:10:rfalGetGT	4	static
rfal_rfst25r3911.c:1042:6:rfalIsGTExpired	8	static
rfal_rfst25r3911.c:1055:12:rfalFieldOnAndStartGT	16	static
rfal_rfst25r3911.c:1100:12:rfalFieldOff	8	static
rfal_rfst25r3911.c:1120:12:rfalStartTransceive	32	static
rfal_rfst25r3911.c:1260:6:rfalIsTransceiveInTx	4	static
rfal_rfst25r3911.c:1267:6:rfalIsTransceiveInRx	4	static
rfal_rfst25r3911.c:1274:12:rfalTransceiveBlockingTx	56	static
rfal_rfst25r3911.c:1287:19:rfalTransceiveRunBlockingTx	16	static
rfal_rfst25r3911.c:1307:12:rfalTransceiveBlockingRx	16	static
rfal_rfst25r3911.c:1322:12:rfalTransceiveBlockingTxRx	48	static
rfal_rfst25r3911.c:1340:19:rfalRunTransceiveWorker	8	static
rfal_rfst25r3911.c:1361:21:rfalGetTransceiveState	4	static
rfal_rfst25r3911.c:1366:12:rfalGetTransceiveStatus	4	static
rfal_rfst25r3911.c:1373:12:rfalGetTransceiveRSSI	24	static
rfal_rfst25r3911.c:1399:6:rfalWorker	8	static
rfal_rfst25r3911.c:1432:13:rfalErrorHandling	16	static
rfal_rfst25r3911.c:1512:13:rfalCleanupTransceive	8	static
rfal_rfst25r3911.c:1541:13:rfalPrepareTransceive	16	static
rfal_rfst25r3911.c:1661:13:rfalTransceiveTx	56	static
rfal_rfst25r3911.c:1951:13:rfalTransceiveRx	56	static
rfal_rfst25r3911.c:2422:13:rfalFIFOStatusUpdate	8	static
rfal_rfst25r3911.c:2432:13:rfalFIFOStatusClear	4	static
rfal_rfst25r3911.c:2439:16:rfalFIFOStatusGetNumBytes	8	static
rfal_rfst25r3911.c:2449:13:rfalFIFOStatusIsIncompleteByte	8	static
rfal_rfst25r3911.c:2457:13:rfalFIFOStatusIsMissingPar	8	static
rfal_rfst25r3911.c:2465:16:rfalFIFOGetNumIncompleteBits	8	static
rfal_rfst25r3911.c:2475:12:rfalISO14443ATransceiveShortFrame	32	static
rfal_rfst25r3911.c:2599:12:rfalISO14443ATransceiveAnticollisionFrame	64	static
rfal_rfst25r3911.c:2711:12:rfalISO15693TransceiveAnticollisionFrame	56	static
rfal_rfst25r3911.c:2759:12:rfalISO15693TransceiveEOFAnticollision	40	static
rfal_rfst25r3911.c:2767:12:rfalISO15693TransceiveEOF	48	static
rfal_rfst25r3911.c:2795:12:rfalFeliCaPoll	56	static
rfal_rfst25r3911.c:2926:6:rfalIsExtFieldOn	8	static
rfal_rfst25r3911.c:3347:12:rfalWakeUpModeStart	40	static
rfal_rfst25r3911.c:3512:6:rfalWakeUpModeHasWoke	4	static
rfal_rfst25r3911.c:3519:13:rfalRunWakeUpModeWorker	16	static
rfal_rfst25r3911.c:3565:12:rfalWakeUpModeStop	8	static
rfal_rfst25r3911.c:3598:12:rfalChipWriteReg	16	static
rfal_rfst25r3911.c:3611:12:rfalChipReadReg	16	static
rfal_rfst25r3911.c:3624:12:rfalChipExecCmd	16	static
rfal_rfst25r3911.c:3637:12:rfalChipWriteTestReg	16	static
rfal_rfst25r3911.c:3645:12:rfalChipReadTestReg	16	static
rfal_rfst25r3911.c:3653:12:rfalChipChangeRegBits	16	static
rfal_rfst25r3911.c:3661:12:rfalChipChangeTestRegBits	16	static
rfal_rfst25r3911.c:3669:12:rfalChipSetRFO	16	static
rfal_rfst25r3911.c:3678:12:rfalChipGetRFO	16	static
rfal_rfst25r3911.c:3687:12:rfalChipMeasureAmplitude	16	static
rfal_rfst25r3911.c:3696:12:rfalChipMeasurePhase	16	static
rfal_rfst25r3911.c:3705:12:rfalChipMeasureCapacitance	16	static
rfal_rfst25r3911.c:3714:12:rfalChipMeasurePowerSupply	16	static
