rfal_isoDep.c:458:13:isoDepClearCounters	4	static
rfal_isoDep.c:466:19:isoDepTx	56	static
rfal_isoDep.c:520:19:isoDepHandleControlMsg	48	static
rfal_isoDep.c:639:6:rfalIsoDepInitialize	8	static
rfal_isoDep.c:671:6:rfalIsoDepInitializeWithParams	24	static
rfal_isoDep.c:685:19:isoDepDataExchangePCD	40	static
rfal_isoDep.c:971:12:rfalIsoDepDeselect	16	static
rfal_isoDep.c:1015:10:rfalIsoDepFWI2FWT	24	static
rfal_isoDep.c:1041:10:rfalIsoDepFSxI2FSx	24	static
rfal_isoDep.c:1395:10:rfalIsoDepGetMaxInfLen	16	static
rfal_isoDep.c:1409:12:rfalIsoDepStartTransceive	8	static
rfal_isoDep.c:1464:12:rfalIsoDepGetTransceiveStatus	8	static
rfal_isoDep.c:1837:12:rfalIsoDepRATS	48	static
rfal_isoDep.c:1878:12:rfalIsoDepPPS	40	static
rfal_isoDep.c:1914:12:rfalIsoDepATTRIB	80	static
rfal_isoDep.c:1963:12:rfalIsoDepPollAHandleActivation	24	static
rfal_isoDep.c:2105:12:rfalIsoDepPollBHandleActivation	72	static
rfal_isoDep.c:2215:12:rfalIsoDepPollHandleSParameters	64	static
rfal_isoDep.c:2338:13:rfalIsoDepCalcBitRate	32	static
rfal_isoDep.c:2407:17:rfalIsoDepSFGI2SFGT	24	static
rfal_isoDep.c:2438:14:rfalIsoDepApdu2IBLockParam	16	static
rfal_isoDep.c:2468:12:rfalIsoDepStartApduTransceive	96	static
rfal_isoDep.c:2489:12:rfalIsoDepGetApduTransceiveStatus	96	static
